zan/status {"gateway":"online"}
zan/telemetry/esp32_01 {"node_id":"esp32_01","target_node":"esp32_02","latency_ms":9.3,"rssi_dbm":-30,"packet_loss_pct":0,"uptime_s":5,"timestamp":4}
zan/telemetry/esp32_04 {"node_id":"esp32_04","target_node":"esp32_01","latency_ms":15.5,"rssi_dbm":-39,"packet_loss_pct":0,"uptime_s":5,"timestamp":5}
zan/telemetry/esp32_01 {"node_id":"esp32_01","target_node":"esp32_03","latency_ms":5,"rssi_dbm":-32,"packet_loss_pct":0,"uptime_s":5,"timestamp":5}
zan/telemetry/esp32_02 {"node_id":"esp32_02","target_node":"esp32_01","latency_ms":11.5,"rssi_dbm":-35,"packet_loss_pct":0,"uptime_s":5,"timestamp":5}
zan/telemetry/esp32_01 {"node_id":"esp32_01","target_node":"esp32_04","latency_ms":11.3,"rssi_dbm":-39,"packet_loss_pct":0,"uptime_s":5,"timestamp":5}
zan/telemetry/esp32_04 {"node_id":"esp32_04","target_node":"esp32_02","latency_ms":11.8,"rssi_dbm":-45,"packet_loss_pct":0,"uptime_s":5,"timestamp":5}
zan/telemetry/esp32_02 {"node_id":"esp32_02","target_node":"esp32_03","latency_ms":7.8,"rssi_dbm":-31,"packet_loss_pct":0,"uptime_s":5,"timestamp":5}
zan/telemetry/esp32_03 {"node_id":"esp32_03","target_node":"esp32_01","latency_ms":13.8,"rssi_dbm":-31,"packet_loss_pct":0,"uptime_s":5,"timestamp":5}
zan/telemetry/esp32_02 {"node_id":"esp32_02","target_node":"esp32_04","latency_ms":13.3,"rssi_dbm":-44,"packet_loss_pct":0,"uptime_s":5,"timestamp":5}
zan/telemetry/esp32_04 {"node_id":"esp32_04","target_node":"esp32_03","latency_ms":9.3,"rssi_dbm":-27,"packet_loss_pct":0,"uptime_s":5,"timestamp":5}
zan/telemetry/esp32_03 {"node_id":"esp32_03","target_node":"esp32_02","latency_ms":10.5,"rssi_dbm":-31,"packet_loss_pct":0,"uptime_s":5,"timestamp":5}
zan/telemetry/esp32_03 {"node_id":"esp32_03","target_node":"esp32_04","latency_ms":10.3,"rssi_dbm":-22,"packet_loss_pct":0,"uptime_s":5,"timestamp":5}
zan/telemetry/esp32_02 {"node_id":"esp32_02","target_node":"esp32_01","latency_ms":13,"rssi_dbm":-40,"packet_loss_pct":0.3333,"uptime_s":10,"timestamp":10}
zan/telemetry/esp32_03 {"node_id":"esp32_03","target_node":"esp32_01","latency_ms":12.5,"rssi_dbm":-31,"packet_loss_pct":0.3333,"uptime_s":10,"timestamp":10}
zan/telemetry/esp32_02 {"node_id":"esp32_02","target_node":"esp32_03","latency_ms":9,"rssi_dbm":-31,"packet_loss_pct":0.3333,"uptime_s":10,"timestamp":10}
zan/telemetry/esp32_02 {"node_id":"esp32_02","target_node":"esp32_04","latency_ms":16,"rssi_dbm":-44,"packet_loss_pct":0.3333,"uptime_s":10,"timestamp":10}
zan/telemetry/esp32_03 {"node_id":"esp32_03","target_node":"esp32_02","latency_ms":15.3,"rssi_dbm":-32,"packet_loss_pct":0.3333,"uptime_s":10,"timestamp":10}
zan/telemetry/esp32_01 {"node_id":"esp32_01","target_node":"esp32_02","latency_ms":14,"rssi_dbm":-38,"packet_loss_pct":0.3333,"uptime_s":10,"timestamp":10}
zan/telemetry/esp32_01 {"node_id":"esp32_01","target_node":"esp32_03","latency_ms":5.8,"rssi_dbm":-34,"packet_loss_pct":0.3333,"uptime_s":10,"timestamp":10}
zan/telemetry/esp32_03 {"node_id":"esp32_03","target_node":"esp32_04","latency_ms":9.8,"rssi_dbm":-25,"packet_loss_pct":0.3333,"uptime_s":10,"timestamp":10}
zan/telemetry/esp32_01 {"node_id":"esp32_01","target_node":"esp32_04","latency_ms":8.5,"rssi_dbm":-37,"packet_loss_pct":0.3333,"uptime_s":10,"timestamp":10}
zan/telemetry/esp32_04 {"node_id":"esp32_04","target_node":"esp32_01","latency_ms":4.3,"rssi_dbm":-40,"packet_loss_pct":0.3333,"uptime_s":10,"timestamp":10}
zan/telemetry/esp32_04 {"node_id":"esp32_04","target_node":"esp32_02","latency_ms":16,"rssi_dbm":-45,"packet_loss_pct":0.3333,"uptime_s":10,"timestamp":10}
zan/telemetry/esp32_04 {"node_id":"esp32_04","target_node":"esp32_03","latency_ms":9,"rssi_dbm":-28,"packet_loss_pct":0.3333,"uptime_s":10,"timestamp":10}
zan/telemetry/esp32_04 {"node_id":"esp32_04","target_node":"esp32_01","latency_ms":15.8,"rssi_dbm":-39,"packet_loss_pct":2.147484e9,"uptime_s":15,"timestamp":14}
zan/telemetry/esp32_03 {"node_id":"esp32_03","target_node":"esp32_01","latency_ms":18.5,"rssi_dbm":-30,"packet_loss_pct":2.147484e9,"uptime_s":15,"timestamp":15}
zan/telemetry/esp32_01 {"node_id":"esp32_01","target_node":"esp32_02","latency_ms":10.2,"rssi_dbm":-40,"packet_loss_pct":2.147484e9,"uptime_s":15,"timestamp":15}
zan/telemetry/esp32_02 {"node_id":"esp32_02","target_node":"esp32_01","latency_ms":15.3,"rssi_dbm":-40,"packet_loss_pct":2.147484e9,"uptime_s":15,"timestamp":15}
zan/telemetry/esp32_04 {"node_id":"esp32_04","target_node":"esp32_02","latency_ms":18.7,"rssi_dbm":-44,"packet_loss_pct":2.147484e9,"uptime_s":15,"timestamp":15}
zan/telemetry/esp32_01 {"node_id":"esp32_01","target_node":"esp32_03","latency_ms":15.2,"rssi_dbm":-31,"packet_loss_pct":2.147484e9,"uptime_s":15,"timestamp":15}
zan/telemetry/esp32_04 {"node_id":"esp32_04","target_node":"esp32_03","latency_ms":17.5,"rssi_dbm":-22,"packet_loss_pct":2.147484e9,"uptime_s":15,"timestamp":15}
zan/telemetry/esp32_02 {"node_id":"esp32_02","target_node":"esp32_03","latency_ms":15.5,"rssi_dbm":-27,"packet_loss_pct":2.147484e9,"uptime_s":15,"timestamp":15}
zan/telemetry/esp32_01 {"node_id":"esp32_01","target_node":"esp32_04","latency_ms":21.5,"rssi_dbm":-35,"packet_loss_pct":2.147484e9,"uptime_s":15,"timestamp":15}
zan/telemetry/esp32_02 {"node_id":"esp32_02","target_node":"esp32_04","latency_ms":20,"rssi_dbm":-41,"packet_loss_pct":2.147484e9,"uptime_s":15,"timestamp":15}
zan/telemetry/esp32_03 {"node_id":"esp32_03","target_node":"esp32_02","latency_ms":13.2,"rssi_dbm":-32,"packet_loss_pct":2.147484e9,"uptime_s":15,"timestamp":15}
zan/telemetry/esp32_03 {"node_id":"esp32_03","target_node":"esp32_04","latency_ms":19.7,"rssi_dbm":-25,"packet_loss_pct":2.147484e9,"uptime_s":15,"timestamp":15}
zan/telemetry/esp32_04 {"node_id":"esp32_04","target_node":"esp32_01","latency_ms":8,"rssi_dbm":-39,"packet_loss_pct":0.3333,"uptime_s":20,"timestamp":20}
zan/telemetry/esp32_03 {"node_id":"esp32_03","target_node":"esp32_01","latency_ms":9.3,"rssi_dbm":-31,"packet_loss_pct":0.3333,"uptime_s":20,"timestamp":20}
zan/telemetry/esp32_03 {"node_id":"esp32_03","target_node":"esp32_02","latency_ms":14.8,"rssi_dbm":-31,"packet_loss_pct":0.3333,"uptime_s":20,"timestamp":20}
zan/telemetry/esp32_02 {"node_id":"esp32_02","target_node":"esp32_01","latency_ms":8.8,"rssi_dbm":-39,"packet_loss_pct":0.3333,"uptime_s":20,"timestamp":20}
zan/telemetry/esp32_01 {"node_id":"esp32_01","target_node":"esp32_02","latency_ms":11.3,"rssi_dbm":-40,"packet_loss_pct":0.3333,"uptime_s":20,"timestamp":20}
zan/telemetry/esp32_03 {"node_id":"esp32_03","target_node":"esp32_04","latency_ms":13.3,"rssi_dbm":-24,"packet_loss_pct":0.3333,"uptime_s":20,"timestamp":20}
zan/telemetry/esp32_04 {"node_id":"esp32_04","target_node":"esp32_02","latency_ms":15,"rssi_dbm":-44,"packet_loss_pct":0.3333,"uptime_s":20,"timestamp":20}
zan/telemetry/esp32_04 {"node_id":"esp32_04","target_node":"esp32_03","latency_ms":12.5,"rssi_dbm":-27,"packet_loss_pct":0.3333,"uptime_s":20,"timestamp":20}
zan/telemetry/esp32_01 {"node_id":"esp32_01","target_node":"esp32_03","latency_ms":10,"rssi_dbm":-32,"packet_loss_pct":0.3333,"uptime_s":20,"timestamp":20}
zan/telemetry/esp32_01 {"node_id":"esp32_01","target_node":"esp32_04","latency_ms":12.5,"rssi_dbm":-42,"packet_loss_pct":0.3333,"uptime_s":20,"timestamp":20}
zan/telemetry/esp32_02 {"node_id":"esp32_02","target_node":"esp32_03","latency_ms":11,"rssi_dbm":-32,"packet_loss_pct":0.3333,"uptime_s":20,"timestamp":20}
zan/telemetry/esp32_02 {"node_id":"esp32_02","target_node":"esp32_04","latency_ms":14.8,"rssi_dbm":-42,"packet_loss_pct":0.3333,"uptime_s":20,"timestamp":20}
zan/telemetry/esp32_01 {"node_id":"esp32_01","target_node":"esp32_02","latency_ms":17.8,"rssi_dbm":-37,"packet_loss_pct":2.147484e9,"uptime_s":25,"timestamp":24}
zan/telemetry/esp32_01 {"node_id":"esp32_01","target_node":"esp32_03","latency_ms":15.7,"rssi_dbm":-30,"packet_loss_pct":2.147484e9,"uptime_s":25,"timestamp":25}
zan/telemetry/esp32_03 {"node_id":"esp32_03","target_node":"esp32_01","latency_ms":21.3,"rssi_dbm":-30,"packet_loss_pct":2.147484e9,"uptime_s":25,"timestamp":25}
zan/telemetry/esp32_01 {"node_id":"esp32_01","target_node":"esp32_04","latency_ms":22.8,"rssi_dbm":-37,"packet_loss_pct":2.147484e9,"uptime_s":25,"timestamp":25}
zan/telemetry/esp32_02 {"node_id":"esp32_02","target_node":"esp32_01","latency_ms":23.5,"rssi_dbm":-39,"packet_loss_pct":2.147484e9,"uptime_s":25,"timestamp":25}
zan/telemetry/esp32_02 {"node_id":"esp32_02","target_node":"esp32_03","latency_ms":13.8,"rssi_dbm":-31,"packet_loss_pct":2.147484e9,"uptime_s":25,"timestamp":25}
zan/telemetry/esp32_04 {"node_id":"esp32_04","target_node":"esp32_01","latency_ms":22.2,"rssi_dbm":-39,"packet_loss_pct":2.147484e9,"uptime_s":25,"timestamp":25}
zan/telemetry/esp32_02 {"node_id":"esp32_02","target_node":"esp32_04","latency_ms":16.3,"rssi_dbm":-44,"packet_loss_pct":2.147484e9,"uptime_s":25,"timestamp":25}
zan/telemetry/esp32_04 {"node_id":"esp32_04","target_node":"esp32_02","latency_ms":20.2,"rssi_dbm":-44,"packet_loss_pct":2.147484e9,"uptime_s":25,"timestamp":25}
zan/telemetry/esp32_03 {"node_id":"esp32_03","target_node":"esp32_02","latency_ms":19.8,"rssi_dbm":-31,"packet_loss_pct":2.147484e9,"uptime_s":25,"timestamp":25}
zan/telemetry/esp32_04 {"node_id":"esp32_04","target_node":"esp32_03","latency_ms":14.3,"rssi_dbm":-21,"packet_loss_pct":2.147484e9,"uptime_s":25,"timestamp":25}
zan/telemetry/esp32_03 {"node_id":"esp32_03","target_node":"esp32_04","latency_ms":15.5,"rssi_dbm":-26,"packet_loss_pct":2.147484e9,"uptime_s":25,"timestamp":25}
zan/telemetry/esp32_01 {"node_id":"esp32_01","target_node":"esp32_02","latency_ms":4.8,"rssi_dbm":-40,"packet_loss_pct":0.3333,"uptime_s":30,"timestamp":30}
zan/telemetry/esp32_01 {"node_id":"esp32_01","target_node":"esp32_03","latency_ms":7.3,"rssi_dbm":-28,"packet_loss_pct":0.3333,"uptime_s":30,"timestamp":30}
zan/telemetry/esp32_01 {"node_id":"esp32_01","target_node":"esp32_04","latency_ms":8.3,"rssi_dbm":-33,"packet_loss_pct":0.3333,"uptime_s":30,"timestamp":30}
zan/telemetry/esp32_04 {"node_id":"esp32_04","target_node":"esp32_01","latency_ms":9,"rssi_dbm":-39,"packet_loss_pct":0.3333,"uptime_s":30,"timestamp":30}
zan/telemetry/esp32_04 {"node_id":"esp32_04","target_node":"esp32_02","latency_ms":12.3,"rssi_dbm":-47,"packet_loss_pct":0.3333,"uptime_s":30,"timestamp":30}
zan/telemetry/esp32_04 {"node_id":"esp32_04","target_node":"esp32_03","latency_ms":9,"rssi_dbm":-23,"packet_loss_pct":0.3333,"uptime_s":30,"timestamp":30}
zan/telemetry/esp32_03 {"node_id":"esp32_03","target_node":"esp32_01","latency_ms":9.3,"rssi_dbm":-29,"packet_loss_pct":0.3333,"uptime_s":30,"timestamp":30}
zan/telemetry/esp32_02 {"node_id":"esp32_02","target_node":"esp32_01","latency_ms":8.3,"rssi_dbm":-42,"packet_loss_pct":0.3333,"uptime_s":30,"timestamp":30}
zan/telemetry/esp32_03 {"node_id":"esp32_03","target_node":"esp32_02","latency_ms":12,"rssi_dbm":-31,"packet_loss_pct":0.3333,"uptime_s":30,"timestamp":30}
zan/telemetry/esp32_02 {"node_id":"esp32_02","target_node":"esp32_03","latency_ms":9.5,"rssi_dbm":-30,"packet_loss_pct":0.3333,"uptime_s":30,"timestamp":30}
zan/telemetry/esp32_03 {"node_id":"esp32_03","target_node":"esp32_04","latency_ms":8.8,"rssi_dbm":-28,"packet_loss_pct":0.3333,"uptime_s":30,"timestamp":30}
zan/telemetry/esp32_02 {"node_id":"esp32_02","target_node":"esp32_04","latency_ms":11.8,"rssi_dbm":-44,"packet_loss_pct":0.3333,"uptime_s":30,"timestamp":30}
zan/telemetry/esp32_01 {"node_id":"esp32_01","target_node":"esp32_02","latency_ms":4.3,"rssi_dbm":-41,"packet_loss_pct":2.147484e9,"uptime_s":35,"timestamp":34}
zan/telemetry/esp32_01 {"node_id":"esp32_01","target_node":"esp32_03","latency_ms":10.3,"rssi_dbm":-30,"packet_loss_pct":2.147484e9,"uptime_s":35,"timestamp":35}
zan/telemetry/esp32_04 {"node_id":"esp32_04","target_node":"esp32_01","latency_ms":8.2,"rssi_dbm":-36,"packet_loss_pct":2.147484e9,"uptime_s":35,"timestamp":35}
zan/telemetry/esp32_02 {"node_id":"esp32_02","target_node":"esp32_01","latency_ms":8.3,"rssi_dbm":-39,"packet_loss_pct":2.147484e9,"uptime_s":35,"timestamp":35}
zan/telemetry/esp32_04 {"node_id":"esp32_04","target_node":"esp32_02","latency_ms":14,"rssi_dbm":-47,"packet_loss_pct":2.147484e9,"uptime_s":35,"timestamp":35}
zan/telemetry/esp32_01 {"node_id":"esp32_01","target_node":"esp32_04","latency_ms":10.5,"rssi_dbm":-33,"packet_loss_pct":2.147484e9,"uptime_s":35,"timestamp":35}
zan/telemetry/esp32_04 {"node_id":"esp32_04","target_node":"esp32_03","latency_ms":13.5,"rssi_dbm":-25,"packet_loss_pct":2.147484e9,"uptime_s":35,"timestamp":35}
zan/telemetry/esp32_02 {"node_id":"esp32_02","target_node":"esp32_03","latency_ms":14.2,"rssi_dbm":-29,"packet_loss_pct":2.147484e9,"uptime_s":35,"timestamp":35}
zan/telemetry/esp32_02 {"node_id":"esp32_02","target_node":"esp32_04","latency_ms":12.3,"rssi_dbm":-45,"packet_loss_pct":2.147484e9,"uptime_s":35,"timestamp":35}
zan/telemetry/esp32_03 {"node_id":"esp32_03","target_node":"esp32_01","latency_ms":6.8,"rssi_dbm":-29,"packet_loss_pct":2.147484e9,"uptime_s":35,"timestamp":35}
zan/telemetry/esp32_03 {"node_id":"esp32_03","target_node":"esp32_02","latency_ms":12.7,"rssi_dbm":-32,"packet_loss_pct":2.147484e9,"uptime_s":35,"timestamp":35}
zan/telemetry/esp32_03 {"node_id":"esp32_03","target_node":"esp32_04","latency_ms":10.3,"rssi_dbm":-24,"packet_loss_pct":2.147484e9,"uptime_s":35,"timestamp":35}
